# *** Running module/config_tester.lua

[wrn] : No config file found. Using defaults.

# *** Start test 'config:set_config_item('/group1/number1 = 3')'
Before:
/group1/number1 = "5"
After:
/group1/number1 = "3"

# *** Start test 'config:set_config_item('/group1/enum1 = "three"')'
Before:
/group1/enum1 = "two"
After:
/group1/enum1 = "three"

# *** Start test 'config:set_config_item('/group1/enum1 = "one" ; /group1/string1 = "blabla"')'
Before:
/group1/enum1 = "three"
/group1/string1 = "abcd"
After:
/group1/enum1 = "one"
/group1/string1 = "blabla"

# *** Start test 'config:set_config_item('/group1/enum1 = "two" /group1/string1 = "blat"')'
Before:
/group1/enum1 = "one"
/group1/string1 = "blabla"
After:
/group1/enum1 = "two"
/group1/string1 = "blat"

# *** Start test 'config:set_config_item('/group1/string1 = "a\bc"')'
Before:
/group1/string1 = "blat"
After:
/group1/string1 = "a\bc"

# *** Start test 'config:set_config_item('/group1/string1 = "\xabq"')'
Before:
/group1/string1 = "a\bc"
After:
/group1/string1 = "«q"

# *** Start test 'config:set_config_item('/group1/string1 = "\xaq"')'
Before:
/group1/string1 = "«q"
After:
/group1/string1 = "\xaq"

# *** Start test 'config:set_config_item('/group1/string1 = "a\"b"')'
Before:
/group1/string1 = "\xaq"
After:
/group1/string1 = "a"b"

# *** Start test 'config:set_config_item('/group1/string1 = "\n"')'
Before:
/group1/string1 = "a"b"
After:
/group1/string1 = "
"

# *** Start test 'save_db'
Configfile:

# Settings


# group one

/group1/enum1 = "two"
/group1/number1 = 3
/group1/string1 = "\n"

# End


before set: bla
after set, now pop:
on_group1_string1, data=mydata, value=blabla
before set: direct
on_group1_string1, data=mydata, value=direct
after set
[wrn] : No config file found. Using defaults.
[inf] : Loading config file cit.conf
/dev/mifare/key_A = FFFFFFFFFFFF
/dev/mifare/relevant_sectors = 0:0,15:2
range("1") = true
range("0") = true
range("15") = true
range("16") = false
range("0,15") = true
range("0,16") = false
range("0:0") = true
range("15:2") = true
range("0:3") = false
range("15:3") = false
range("16:0") = false
range("0:0,0:1,0:2") = true
range("15:0,15:1,15:2") = true
