> TCP (n=3): "\e\xfb1"
Please present mifare card and keep at nquire
> TCP (n=25): "\e\x24\e\x2e4Present card\nplease\x03"
< TCP cmd (n=11): "MF76262fa5\n"
Received cardnumber: 76262fa5
> TCP (n=28): "\e\x24\e\x2e4Keep card close\nplease\x03"
> TCP (n=24): "\e\xf4E\xff1test took too long\x03"
Writing data for getting consistent read results
> TCP (n=154): "\e\xf976262fa5,deadbeef:KFFFFFFFFFFFFW10Bsector01-block0.W11Bsector01-block1.W12Bsector01-block2.W?0Bsector0f-block0.W?1Bsector0f-block1.W?2Bsector0f-block2.\x03"
< TCP cmd (n=2): "\x06\n"
Reading data
> TCP (n=3): "\e\xfb0"
> TCP (n=28): "\e\xf876262fa5,FFFFFFFFFFFF:10B\x03"
< TCP cmd (n=18): "\x06sector01-block0.\n"
> TCP (n=28): "\e\xf876262fa5,FFFFFFFFFFFF:10H\x03"
< TCP cmd (n=34): "\x06736563746f7230312d626c6f636b302e\n"
> TCP (n=28): "\e\xf876262fa5,FFFFFFFFFFFF:11B\x03"
< TCP cmd (n=18): "\x06sector01-block1.\n"
> TCP (n=28): "\e\xf876262fa5,FFFFFFFFFFFF:11H\x03"
< TCP cmd (n=34): "\x06736563746f7230312d626c6f636b312e\n"
> TCP (n=28): "\e\xf876262fa5,FFFFFFFFFFFF:12B\x03"
< TCP cmd (n=18): "\x06sector01-block2.\n"
> TCP (n=28): "\e\xf876262fa5,FFFFFFFFFFFF:12H\x03"
< TCP cmd (n=34): "\x06736563746f7230312d626c6f636b322e\n"
> TCP (n=28): "\e\xf876262fa5,FFFFFFFFFFFF:1-B\x03"
< TCP cmd (n=50): "\x06sector01-block0.sector01-block1.sector01-block2.\n"
> TCP (n=34): "\e\xf876262fa5,FFFFFFFFFFFF:?0B?1B?2B\x03"
< TCP cmd (n=52): "\x06sector0f-block0.,sector0f-block1.,sector0f-block2.\n"
> TCP (n=3): "\e\xfb1"
> TCP (n=15): "\e\x24\e\x2e4Thank you\x03"
< TCP cmd (n=21): "TQtest took too long\n"
> TCP (n=2): "\e\xf3"
