# *** Running module/net_tester.lua


# *** Start test 'test_get_interface_ip'
ip(eth0)=192.168.1.5, err=nil
ip(none)=nil, err=No such device

# *** Start test 'test_get_interface_mac'
mac(eth0)=64:31:50:6e:a0:8c, err=nil
mac(wlan0)=00:13:e8:b4:e0:b3, err=nil
mac(none)=nil, err=Error requesting mac-address

# *** Start test 'test_gethostbyname_test'
1 = 	0.0.0.1
1.2 = 	1.0.0.2
1.2.3 = 	1.2.0.3
1.2.3.4 = 	1.2.3.4
1.2.3.4.5= Error: No address associated with hostname
localhost = 	127.0.0.1
www.vdtai.nl = 	85.17.131.4
www.vdtai.nl/index.html= Error: No address associated with hostname
www.newland-id.nl = 	194.150.208.116
www.unknown42.nl= Error: No address associated with hostname
